2025-08-15 17:13:55.170 UTC [61] LOG:  starting PostgreSQL 17.5 on x86_64-pc-linux-musl, compiled by gcc (Alpine 14.2.0) 14.2.0, 64-bit
2025-08-15 17:13:55.173 UTC [61] LOG:  listening on Unix socket "/var/run/postgresql/.s.PGSQL.5432"
2025-08-15 17:13:55.283 UTC [65] LOG:  database system was shut down at 2025-08-15 17:13:51 UTC
2025-08-15 17:13:55.351 UTC [61] LOG:  database system is ready to accept connections
2025-08-15 17:13:55.575 UTC [61] LOG:  received fast shutdown request
2025-08-15 17:13:55.579 UTC [61] LOG:  aborting any active transactions
2025-08-15 17:13:55.584 UTC [61] LOG:  background worker "logical replication launcher" (PID 68) exited with exit code 1
2025-08-15 17:13:55.589 UTC [63] LOG:  shutting down
2025-08-15 17:13:55.593 UTC [63] LOG:  checkpoint starting: shutdown immediate
2025-08-15 17:13:55.644 UTC [63] LOG:  checkpoint complete: wrote 3 buffers (0.0%); 0 WAL file(s) added, 0 removed, 0 recycled; write=0.016 s, sync=0.006 s, total=0.055 s; sync files=2, longest=0.003 s, average=0.003 s; distance=0 kB, estimate=0 kB; lsn=0/14ED280, redo lsn=0/14ED280
2025-08-15 17:13:55.674 UTC [61] LOG:  database system is shut down
2025-08-15 17:13:55.743 UTC [1] LOG:  starting PostgreSQL 17.5 on x86_64-pc-linux-musl, compiled by gcc (Alpine 14.2.0) 14.2.0, 64-bit
2025-08-15 17:13:55.744 UTC [1] LOG:  listening on IPv4 address "0.0.0.0", port 5432
2025-08-15 17:13:55.744 UTC [1] LOG:  listening on IPv6 address "::", port 5432
2025-08-15 17:13:55.750 UTC [1] LOG:  listening on Unix socket "/var/run/postgresql/.s.PGSQL.5432"
2025-08-15 17:13:55.790 UTC [77] LOG:  database system was shut down at 2025-08-15 17:13:55 UTC
2025-08-15 17:13:55.851 UTC [1] LOG:  database system is ready to accept connections
2025-08-15 17:18:55.868 UTC [75] LOG:  checkpoint starting: time
2025-08-15 17:18:59.474 UTC [75] LOG:  checkpoint complete: wrote 38 buffers (0.2%); 0 WAL file(s) added, 0 removed, 0 recycled; write=3.555 s, sync=0.009 s, total=3.606 s; sync files=11, longest=0.003 s, average=0.001 s; distance=194 kB, estimate=194 kB; lsn=0/151DB10, redo lsn=0/151DAB8
2025-08-15 17:23:55.523 UTC [75] LOG:  checkpoint starting: time
2025-08-15 17:24:03.302 UTC [75] LOG:  checkpoint complete: wrote 77 buffers (0.5%); 0 WAL file(s) added, 0 removed, 0 recycled; write=7.712 s, sync=0.040 s, total=7.780 s; sync files=67, longest=0.002 s, average=0.001 s; distance=334 kB, estimate=334 kB; lsn=0/1571600, redo lsn=0/15715A8
2025-08-15 17:28:01.158 UTC [1089] ERROR:  null value in column "password_hash" of relation "users" violates not-null constraint
2025-08-15 17:28:01.158 UTC [1089] DETAIL:  Failing row contains (1, alice, alice@example.com, null, 2025-08-15 17:28:01.155766).
2025-08-15 17:28:01.158 UTC [1089] STATEMENT:  INSERT INTO users (username, email) VALUES
	('alice', 'alice@example.com'),
	('bob', 'bob@example.com');
2025-08-15 17:28:55.391 UTC [75] LOG:  checkpoint starting: time
2025-08-15 17:28:56.153 UTC [75] LOG:  checkpoint complete: wrote 8 buffers (0.0%); 0 WAL file(s) added, 0 removed, 0 recycled; write=0.726 s, sync=0.006 s, total=0.763 s; sync files=5, longest=0.003 s, average=0.002 s; distance=0 kB, estimate=301 kB; lsn=0/1571A10, redo lsn=0/1571980
2025-08-15 17:36:55.306 UTC [1328] ERROR:  syntax error at or near "=" at character 34
2025-08-15 17:36:55.306 UTC [1328] STATEMENT:  SELECT * FROM public.users WHERE = 'alice'
	ORDER BY id ASC 
2025-08-15 17:37:14.635 UTC [1328] ERROR:  column "name" does not exist at character 34
2025-08-15 17:37:14.635 UTC [1328] STATEMENT:  SELECT * FROM public.users WHERE name = 'alice'
	ORDER BY id ASC 
2025-08-15 17:39:14.673 UTC [1] LOG:  received fast shutdown request
2025-08-15 17:39:14.684 UTC [1] LOG:  aborting any active transactions
2025-08-15 17:39:14.699 UTC [1] LOG:  background worker "logical replication launcher" (PID 80) exited with exit code 1
2025-08-15 17:39:14.700 UTC [75] LOG:  shutting down
2025-08-15 17:39:14.730 UTC [75] LOG:  checkpoint starting: shutdown immediate
2025-08-15 17:39:14.815 UTC [75] LOG:  checkpoint complete: wrote 0 buffers (0.0%); 0 WAL file(s) added, 0 removed, 0 recycled; write=0.010 s, sync=0.001 s, total=0.115 s; sync files=0, longest=0.000 s, average=0.000 s; distance=0 kB, estimate=271 kB; lsn=0/1571AC0, redo lsn=0/1571AC0
2025-08-15 17:39:14.858 UTC [1] LOG:  database system is shut down
