2025-08-27 15:12:45.389 UTC [1] LOG:  starting PostgreSQL 17.5 on x86_64-pc-linux-musl, compiled by gcc (Alpine 14.2.0) 14.2.0, 64-bit
2025-08-27 15:12:45.389 UTC [1] LOG:  listening on IPv4 address "0.0.0.0", port 5432
2025-08-27 15:12:45.389 UTC [1] LOG:  listening on IPv6 address "::", port 5432
2025-08-27 15:12:45.408 UTC [1] LOG:  listening on Unix socket "/var/run/postgresql/.s.PGSQL.5432"
2025-08-27 15:12:45.540 UTC [36] LOG:  database system was interrupted; last known up at 2025-08-25 17:54:02 UTC
2025-08-27 15:12:48.220 UTC [43] FATAL:  the database system is starting up
2025-08-27 15:12:53.321 UTC [50] FATAL:  the database system is starting up
2025-08-27 15:12:56.816 UTC [36] LOG:  database system was not properly shut down; automatic recovery in progress
2025-08-27 15:12:56.852 UTC [36] LOG:  redo starts at 0/4011660
2025-08-27 15:12:56.852 UTC [36] LOG:  invalid record length at 0/4011698: expected at least 24, got 0
2025-08-27 15:12:56.852 UTC [36] LOG:  redo done at 0/4011660 system usage: CPU: user: 0.00 s, system: 0.00 s, elapsed: 0.00 s
2025-08-27 15:12:56.885 UTC [34] LOG:  checkpoint starting: end-of-recovery immediate wait
2025-08-27 15:12:56.944 UTC [34] LOG:  checkpoint complete: wrote 3 buffers (0.0%); 0 WAL file(s) added, 0 removed, 0 recycled; write=0.017 s, sync=0.006 s, total=0.062 s; sync files=2, longest=0.003 s, average=0.003 s; distance=0 kB, estimate=0 kB; lsn=0/4011698, redo lsn=0/4011698
2025-08-27 15:12:56.960 UTC [1] LOG:  database system is ready to accept connections
2025-08-27 15:52:18.629 UTC [1] LOG:  received fast shutdown request
2025-08-27 15:52:18.635 UTC [1] LOG:  aborting any active transactions
2025-08-27 15:52:18.643 UTC [1] LOG:  background worker "logical replication launcher" (PID 53) exited with exit code 1
2025-08-27 15:52:18.644 UTC [34] LOG:  shutting down
2025-08-27 15:52:18.663 UTC [34] LOG:  checkpoint starting: shutdown immediate
2025-08-27 15:52:18.731 UTC [34] LOG:  checkpoint complete: wrote 0 buffers (0.0%); 0 WAL file(s) added, 0 removed, 0 recycled; write=0.017 s, sync=0.001 s, total=0.087 s; sync files=0, longest=0.000 s, average=0.000 s; distance=0 kB, estimate=0 kB; lsn=0/4011748, redo lsn=0/4011748
2025-08-27 15:52:18.756 UTC [1] LOG:  database system is shut down
